// Jest Snapshot v1, https://goo.gl/fbAQLP

exports[`<Hero /> matches snapshot 1`] = `
<div
  class="bg-black text-white pt-12 text-lg pb-8 px-4 flex flex-col items-center justify-between h-screen fixed w-screen  z-0"
  data-testid="hero-section"
>
  <div
    class="text-center flex flex-col items-center mt-4 md:mt-24 self-center lg:w-1/2"
  >
    <h1
      class="font-display text-6xl md:text-7xl my-2 md:mt-12 text-yellow-500"
    >
      The Big Firkin Band
    </h1>
    <div
      class=" p-2 md:p-4"
    >
      <p
        class="text-xl font-text border-b pb-4 text-gray-300"
      >
        17-piece jazz big band sensation
      </p>
      <p
        class="text-base md:text-xl font-text  pt-2 text-yellow-400"
      >
        Live at the Fox & Firkin on the second Sunday of the month 3:30pm-6pm!
      </p>
    </div>
  </div>
  <div
    class="self-start  md:text-2xl mb-20 px-2 pt-1 md:pt-2 font-text"
  >
    <a
      class="hover:cursor-pointer hover:text-gray-200"
      data-testid="next-gig"
      href="/#calendar"
    >
      <h3
        class=""
      >
        Next gig:
      </h3>
      <p
        class=" md:text-3xl text-xl"
        data-testid="start-time"
      >
        31 Jul 2009
      </p>
      <div
        class="flex flex-row items-center"
      >
        <p
          data-testid="start-time"
        >
          01:43 AM
           @ 
          FoxNFirkin
        </p>
      </div>
    </a>
    <div
      class="flex flex-row mb-2 mt-2 md:mt-4"
    >
      <a
        class="text-gray-400 hover:text-yellow-500 flex flex-row items-center "
        data-testid="insta-link"
        href="https://www.instagram.com/thebigfirkinband/"
        target="_blank"
        title="Firkin Band Instagram"
      >
        <svg
          fill="currentColor"
          height="1em"
          stroke="currentColor"
          stroke-width="0"
          viewBox="0 0 448 512"
          width="1em"
          xmlns="http://www.w3.org/2000/svg"
        >
          <path
            d="M224.1 141c-63.6 0-114.9 51.3-114.9 114.9s51.3 114.9 114.9 114.9S339 319.5 339 255.9 287.7 141 224.1 141zm0 189.6c-41.1 0-74.7-33.5-74.7-74.7s33.5-74.7 74.7-74.7 74.7 33.5 74.7 74.7-33.6 74.7-74.7 74.7zm146.4-194.3c0 14.9-12 26.8-26.8 26.8-14.9 0-26.8-12-26.8-26.8s12-26.8 26.8-26.8 26.8 12 26.8 26.8zm76.1 27.2c-1.7-35.9-9.9-67.7-36.2-93.9-26.2-26.2-58-34.4-93.9-36.2-37-2.1-147.9-2.1-184.9 0-35.8 1.7-67.6 9.9-93.9 36.1s-34.4 58-36.2 93.9c-2.1 37-2.1 147.9 0 184.9 1.7 35.9 9.9 67.7 36.2 93.9s58 34.4 93.9 36.2c37 2.1 147.9 2.1 184.9 0 35.9-1.7 67.7-9.9 93.9-36.2 26.2-26.2 34.4-58 36.2-93.9 2.1-37 2.1-147.8 0-184.8zM398.8 388c-7.8 19.6-22.9 34.7-42.6 42.6-29.5 11.7-99.5 9-132.1 9s-102.7 2.6-132.1-9c-19.6-7.8-34.7-22.9-42.6-42.6-11.7-29.5-9-99.5-9-132.1s-2.6-102.7 9-132.1c7.8-19.6 22.9-34.7 42.6-42.6 29.5-11.7 99.5-9 132.1-9s102.7-2.6 132.1 9c19.6 7.8 34.7 22.9 42.6 42.6 11.7 29.5 9 99.5 9 132.1s2.7 102.7-9 132.1z"
          />
        </svg>
        <p
          class="text-sm mx-2"
        >
          Follow us
        </p>
      </a>
    </div>
  </div>
</div>
`;
